<html>
<body>
<pre>
<h1>µVision Build Log</h1>
<h2>Project:</h2>
D:\Runtron_SVN\FT_TEST\SW\CST016\CST016-V2.7-20170411-Release1.2.2\FT_CST016\cst148_tester.uvproj
Project File Date:  04/11/2017

<h2>Output:</h2>
Build target 'cst148_tester'
compiling system_boot.c...
compiling main.c...
compiling tester_fun.c...
compiling fwi2c.c...
linking...
Program Size: Code=6138 RO-data=1426 RW-data=8 ZI-data=484  
FromELF: creating hex file...
User command #1: C:/Keil/ARM/BIN40/fromelf.exe --bin -o ./keil_output/cst148_tester.bin ./keil_output/cst148_tester.axf
".\keil_output\cst148_tester.axf" - 0 Error(s), 0 Warning(s).
Build target 'cst148_tester'
compiling tester_fun.c...
linking...
Program Size: Code=6146 RO-data=1426 RW-data=8 ZI-data=484  
FromELF: creating hex file...
User command #1: C:/Keil/ARM/BIN40/fromelf.exe --bin -o ./keil_output/cst148_tester.bin ./keil_output/cst148_tester.axf
".\keil_output\cst148_tester.axf" - 0 Error(s), 0 Warning(s).
Build target 'cst148_tester'
compiling main.c...
compiling tester_fun.c...
linking...
Program Size: Code=6162 RO-data=1426 RW-data=8 ZI-data=484  
FromELF: creating hex file...
User command #1: C:/Keil/ARM/BIN40/fromelf.exe --bin -o ./keil_output/cst148_tester.bin ./keil_output/cst148_tester.axf
".\keil_output\cst148_tester.axf" - 0 Error(s), 0 Warning(s).
Build target 'cst148_tester'
compiling system_boot.c...
compiling main.c...
compiling tester_fun.c...
compiling fwi2c.c...
linking...
Program Size: Code=6162 RO-data=1426 RW-data=8 ZI-data=484  
FromELF: creating hex file...
User command #1: C:/Keil/ARM/BIN40/fromelf.exe --bin -o ./keil_output/cst148_tester.bin ./keil_output/cst148_tester.axf
".\keil_output\cst148_tester.axf" - 0 Error(s), 0 Warning(s).
Build target 'cst148_tester'
compiling tester_fun.c...
linking...
Program Size: Code=6166 RO-data=1426 RW-data=8 ZI-data=484  
FromELF: creating hex file...
User command #1: C:/Keil/ARM/BIN40/fromelf.exe --bin -o ./keil_output/cst148_tester.bin ./keil_output/cst148_tester.axf
".\keil_output\cst148_tester.axf" - 0 Error(s), 0 Warning(s).
Build target 'cst148_tester'
compiling tester_fun.c...
linking...
Program Size: Code=6166 RO-data=1426 RW-data=8 ZI-data=484  
FromELF: creating hex file...
User command #1: C:/Keil/ARM/BIN40/fromelf.exe --bin -o ./keil_output/cst148_tester.bin ./keil_output/cst148_tester.axf
".\keil_output\cst148_tester.axf" - 0 Error(s), 0 Warning(s).
Build target 'cst148_tester'
linking...
Program Size: Code=6166 RO-data=1426 RW-data=8 ZI-data=484  
FromELF: creating hex file...
User command #1: C:/Keil/ARM/BIN40/fromelf.exe --bin -o ./keil_output/cst148_tester.bin ./keil_output/cst148_tester.axf
".\keil_output\cst148_tester.axf" - 0 Error(s), 0 Warning(s).
Build target 'cst148_tester'
compiling tester_fun.c...
linking...
Program Size: Code=6166 RO-data=1426 RW-data=8 ZI-data=484  
FromELF: creating hex file...
User command #1: C:/Keil/ARM/BIN40/fromelf.exe --bin -o ./keil_output/cst148_tester.bin ./keil_output/cst148_tester.axf
".\keil_output\cst148_tester.axf" - 0 Error(s), 0 Warning(s).
