ARM Linker, RVCT4.0 [Build 524] for uVision [Standard]

==============================================================================

Section Cross References

    system_boot.o(.text) refers to main.o(.text) for main
    system_boot.o(vectors) refers to system_boot.o(.text) for Reset_Handler
    main.o(.text) refers to tester_fun.o(.text) for initCSD
    tester_fun.o(.text) refers to fwi2c.o(.text) for fwi2c_start
    tester_fun.o(.text) refers to tester_fun.o(.data) for .data
    tester_fun.o(.text) refers to tester_fun.o(.constdata) for set_cmd_idata
    tester_fun.o(.text) refers to rt_memcpy.o(.text) for __aeabi_memcpy
    tester_fun.o(.text) refers to rt_memclr.o(.text) for __aeabi_memclr
    tester_fun.o(.text) refers to tester_fun.o(.bss) for .bss
    tester_fun.o(.text) refers to aeabi_memset.o(.text) for __aeabi_memset
    tester_fun.o(.text) refers to rt_memcpy.o(.emb_text) for __aeabi_memcpy4
    aeabi_memset.o(.text) refers to rt_memclr.o(.text) for _memset
    rt_memcpy.o(.text) refers to rt_memcpy.o(.emb_text) for __aeabi_memcpy4
    __main.o(!!!main) refers to rtentry.o(.ARM.Collect$$rtentry$$00000000) for __rt_entry
    rtentry.o(.ARM.Collect$$rtentry$$00000000) refers (Special) to rtentry2.o(.ARM.Collect$$rtentry$$0000000A) for __rt_entry_li
    rtentry.o(.ARM.Collect$$rtentry$$00000000) refers (Special) to rtentry2.o(.ARM.Collect$$rtentry$$0000000D) for __rt_entry_main
    rtentry.o(.ARM.Collect$$rtentry$$00000000) refers (Special) to rtentry2.o(.ARM.Collect$$rtentry$$0000000C) for __rt_entry_postli_1
    rtentry.o(.ARM.Collect$$rtentry$$00000000) refers (Special) to rtentry2.o(.ARM.Collect$$rtentry$$00000009) for __rt_entry_postsh_1
    rtentry.o(.ARM.Collect$$rtentry$$00000000) refers (Special) to rtentry2.o(.ARM.Collect$$rtentry$$00000002) for __rt_entry_presh_1
    rtentry.o(.ARM.Collect$$rtentry$$00000000) refers (Special) to rtentry4.o(.ARM.Collect$$rtentry$$00000004) for __rt_entry_sh
    rtentry.o(.ARM.exidx) refers (Special) to rtentry2.o(.ARM.Collect$$rtentry$$0000000A) for __rt_entry_li
    rtentry.o(.ARM.exidx) refers (Special) to rtentry2.o(.ARM.Collect$$rtentry$$0000000D) for __rt_entry_main
    rtentry.o(.ARM.exidx) refers (Special) to rtentry2.o(.ARM.Collect$$rtentry$$0000000C) for __rt_entry_postli_1
    rtentry.o(.ARM.exidx) refers (Special) to rtentry2.o(.ARM.Collect$$rtentry$$00000009) for __rt_entry_postsh_1
    rtentry.o(.ARM.exidx) refers (Special) to rtentry2.o(.ARM.Collect$$rtentry$$00000002) for __rt_entry_presh_1
    rtentry.o(.ARM.exidx) refers (Special) to rtentry4.o(.ARM.Collect$$rtentry$$00000004) for __rt_entry_sh
    rtentry.o(.ARM.exidx) refers to rtentry.o(.ARM.Collect$$rtentry$$00000000) for .ARM.Collect$$rtentry$$00000000
    rtentry2.o(.ARM.Collect$$rtentry$$00000008) refers to boardinit2.o(.text) for _platform_post_stackheap_init
    rtentry2.o(.ARM.Collect$$rtentry$$0000000A) refers to libinit.o(.ARM.Collect$$libinit$$00000000) for __rt_lib_init
    rtentry2.o(.ARM.Collect$$rtentry$$0000000B) refers to boardinit3.o(.text) for _platform_post_lib_init
    rtentry2.o(.ARM.Collect$$rtentry$$0000000D) refers to main.o(.text) for main
    rtentry2.o(.ARM.Collect$$rtentry$$0000000D) refers to exit.o(.text) for exit
    rtentry2.o(.ARM.exidx) refers to rtentry2.o(.ARM.Collect$$rtentry$$00000001) for .ARM.Collect$$rtentry$$00000001
    rtentry2.o(.ARM.exidx) refers to rtentry2.o(.ARM.Collect$$rtentry$$00000002) for .ARM.Collect$$rtentry$$00000002
    rtentry2.o(.ARM.exidx) refers to rtentry2.o(.ARM.Collect$$rtentry$$00000008) for .ARM.Collect$$rtentry$$00000008
    rtentry2.o(.ARM.exidx) refers to rtentry2.o(.ARM.Collect$$rtentry$$00000009) for .ARM.Collect$$rtentry$$00000009
    rtentry2.o(.ARM.exidx) refers to rtentry2.o(.ARM.Collect$$rtentry$$0000000A) for .ARM.Collect$$rtentry$$0000000A
    rtentry2.o(.ARM.exidx) refers to rtentry2.o(.ARM.Collect$$rtentry$$0000000B) for .ARM.Collect$$rtentry$$0000000B
    rtentry2.o(.ARM.exidx) refers to rtentry2.o(.ARM.Collect$$rtentry$$0000000C) for .ARM.Collect$$rtentry$$0000000C
    rtentry2.o(.ARM.exidx) refers to rtentry2.o(.ARM.Collect$$rtentry$$0000000D) for .ARM.Collect$$rtentry$$0000000D
    rtentry4.o(.ARM.Collect$$rtentry$$00000004) refers to sys_stackheap_outer.o(.text) for __user_setup_stackheap
    rtentry4.o(.ARM.exidx) refers to rtentry4.o(.ARM.Collect$$rtentry$$00000004) for .ARM.Collect$$rtentry$$00000004
    sys_stackheap_outer.o(.text) refers to libspace.o(.text) for __user_perproc_libspace
    sys_stackheap_outer.o(.text) refers to system_boot.o(.text) for __user_initial_stackheap
    sys_stackheap_outer.o(__vectab_stack_and_reset_area) refers to tempstk.o(.text) for __temporary_stack_top
    sys_stackheap_outer.o(__vectab_stack_and_reset_area) refers to __main.o(!!!main) for __main
    exit.o(.text) refers to rtexit.o(.ARM.Collect$$rtexit$$00000000) for __rt_exit
    libinit.o(.ARM.Collect$$libinit$$00000000) refers (Special) to libinit2.o(.ARM.Collect$$libinit$$0000002A) for __rt_lib_init_alloca_1
    libinit.o(.ARM.Collect$$libinit$$00000000) refers (Special) to libinit2.o(.ARM.Collect$$libinit$$00000028) for __rt_lib_init_argv_1
    libinit.o(.ARM.Collect$$libinit$$00000000) refers (Special) to libinit2.o(.ARM.Collect$$libinit$$00000017) for __rt_lib_init_atexit_1
    libinit.o(.ARM.Collect$$libinit$$00000000) refers (Special) to libinit2.o(.ARM.Collect$$libinit$$0000001D) for __rt_lib_init_clock_1
    libinit.o(.ARM.Collect$$libinit$$00000000) refers (Special) to libinit2.o(.ARM.Collect$$libinit$$0000002E) for __rt_lib_init_cpp_1
    libinit.o(.ARM.Collect$$libinit$$00000000) refers (Special) to libinit2.o(.ARM.Collect$$libinit$$0000002C) for __rt_lib_init_exceptions_1
    libinit.o(.ARM.Collect$$libinit$$00000000) refers (Special) to libinit2.o(.ARM.Collect$$libinit$$0000001B) for __rt_lib_init_fp_trap_1
    libinit.o(.ARM.Collect$$libinit$$00000000) refers (Special) to libinit2.o(.ARM.Collect$$libinit$$0000001F) for __rt_lib_init_getenv_1
    libinit.o(.ARM.Collect$$libinit$$00000000) refers (Special) to libinit2.o(.ARM.Collect$$libinit$$00000006) for __rt_lib_init_heap_1
    libinit.o(.ARM.Collect$$libinit$$00000000) refers (Special) to libinit2.o(.ARM.Collect$$libinit$$0000000D) for __rt_lib_init_lc_collate_1
    libinit.o(.ARM.Collect$$libinit$$00000000) refers (Special) to libinit2.o(.ARM.Collect$$libinit$$0000000F) for __rt_lib_init_lc_ctype_1
    libinit.o(.ARM.Collect$$libinit$$00000000) refers (Special) to libinit2.o(.ARM.Collect$$libinit$$00000011) for __rt_lib_init_lc_monetary_1
    libinit.o(.ARM.Collect$$libinit$$00000000) refers (Special) to libinit2.o(.ARM.Collect$$libinit$$00000013) for __rt_lib_init_lc_numeric_1
    libinit.o(.ARM.Collect$$libinit$$00000000) refers (Special) to libinit2.o(.ARM.Collect$$libinit$$00000015) for __rt_lib_init_lc_time_1
    libinit.o(.ARM.Collect$$libinit$$00000000) refers (Special) to libinit2.o(.ARM.Collect$$libinit$$0000000A) for __rt_lib_init_rand_1
    libinit.o(.ARM.Collect$$libinit$$00000000) refers (Special) to libinit2.o(.ARM.Collect$$libinit$$0000002F) for __rt_lib_init_return
    libinit.o(.ARM.Collect$$libinit$$00000000) refers (Special) to libinit2.o(.ARM.Collect$$libinit$$00000019) for __rt_lib_init_signal_1
    libinit.o(.ARM.Collect$$libinit$$00000000) refers (Special) to libinit2.o(.ARM.Collect$$libinit$$00000021) for __rt_lib_init_stdio_1
    libinit.o(.ARM.Collect$$libinit$$00000000) refers (Special) to libinit2.o(.ARM.Collect$$libinit$$00000008) for __rt_lib_init_user_alloc_1
    libspace.o(.text) refers to libspace.o(.bss) for __libspace_start
    rtexit.o(.ARM.Collect$$rtexit$$00000000) refers (Special) to rtexit2.o(.ARM.Collect$$rtexit$$00000004) for __rt_exit_exit
    rtexit.o(.ARM.Collect$$rtexit$$00000000) refers (Special) to rtexit2.o(.ARM.Collect$$rtexit$$00000003) for __rt_exit_ls
    rtexit.o(.ARM.Collect$$rtexit$$00000000) refers (Special) to rtexit2.o(.ARM.Collect$$rtexit$$00000002) for __rt_exit_prels_1
    rtexit.o(.ARM.exidx) refers (Special) to rtexit2.o(.ARM.Collect$$rtexit$$00000004) for __rt_exit_exit
    rtexit.o(.ARM.exidx) refers (Special) to rtexit2.o(.ARM.Collect$$rtexit$$00000003) for __rt_exit_ls
    rtexit.o(.ARM.exidx) refers (Special) to rtexit2.o(.ARM.Collect$$rtexit$$00000002) for __rt_exit_prels_1
    rtexit.o(.ARM.exidx) refers to rtexit.o(.ARM.Collect$$rtexit$$00000000) for .ARM.Collect$$rtexit$$00000000
    libinit2.o(.ARM.Collect$$libinit$$0000000C) refers to libinit2.o(.ARM.Collect$$libinit$$0000000B) for .ARM.Collect$$libinit$$0000000B
    libinit2.o(.ARM.Collect$$libinit$$0000000E) refers to libinit2.o(.ARM.Collect$$libinit$$0000000B) for .ARM.Collect$$libinit$$0000000B
    libinit2.o(.ARM.Collect$$libinit$$00000010) refers to libinit2.o(.ARM.Collect$$libinit$$0000000B) for .ARM.Collect$$libinit$$0000000B
    libinit2.o(.ARM.Collect$$libinit$$00000012) refers to libinit2.o(.ARM.Collect$$libinit$$0000000B) for .ARM.Collect$$libinit$$0000000B
    libinit2.o(.ARM.Collect$$libinit$$00000014) refers to libinit2.o(.ARM.Collect$$libinit$$0000000B) for .ARM.Collect$$libinit$$0000000B
    libinit2.o(.ARM.Collect$$libinit$$00000022) refers to argv_veneer.o(.text) for __ARM_argv_veneer
    libinit2.o(.ARM.Collect$$libinit$$00000023) refers to argv_veneer.o(.text) for __ARM_argv_veneer
    rtexit2.o(.ARM.Collect$$rtexit$$00000003) refers to libshutdown.o(.ARM.Collect$$libshutdown$$00000000) for __rt_lib_shutdown
    rtexit2.o(.ARM.Collect$$rtexit$$00000004) refers to sys_exit.o(.text) for _sys_exit
    rtexit2.o(.ARM.exidx) refers to rtexit2.o(.ARM.Collect$$rtexit$$00000001) for .ARM.Collect$$rtexit$$00000001
    rtexit2.o(.ARM.exidx) refers to rtexit2.o(.ARM.Collect$$rtexit$$00000002) for .ARM.Collect$$rtexit$$00000002
    rtexit2.o(.ARM.exidx) refers to rtexit2.o(.ARM.Collect$$rtexit$$00000003) for .ARM.Collect$$rtexit$$00000003
    rtexit2.o(.ARM.exidx) refers to rtexit2.o(.ARM.Collect$$rtexit$$00000004) for .ARM.Collect$$rtexit$$00000004
    sys_exit.o(.text) refers to use_no_semi.o(.text) for __I$use$semihosting
    _get_argv_nomalloc.o(.text) refers (Special) to hrguard.o(.text) for __heap_region$guard
    _get_argv_nomalloc.o(.text) refers to defsig_rtmem_outer.o(.text) for __rt_SIGRTMEM
    _get_argv_nomalloc.o(.text) refers to sys_command.o(.text) for _sys_command_string
    libshutdown.o(.ARM.Collect$$libshutdown$$00000000) refers (Special) to libshutdown2.o(.ARM.Collect$$libshutdown$$00000006) for __rt_lib_shutdown_fp_trap_1
    libshutdown.o(.ARM.Collect$$libshutdown$$00000000) refers (Special) to libshutdown2.o(.ARM.Collect$$libshutdown$$0000000E) for __rt_lib_shutdown_heap_1
    libshutdown.o(.ARM.Collect$$libshutdown$$00000000) refers (Special) to libshutdown2.o(.ARM.Collect$$libshutdown$$0000000F) for __rt_lib_shutdown_return
    libshutdown.o(.ARM.Collect$$libshutdown$$00000000) refers (Special) to libshutdown2.o(.ARM.Collect$$libshutdown$$00000009) for __rt_lib_shutdown_signal_1
    libshutdown.o(.ARM.Collect$$libshutdown$$00000000) refers (Special) to libshutdown2.o(.ARM.Collect$$libshutdown$$00000003) for __rt_lib_shutdown_stdio_1
    libshutdown.o(.ARM.Collect$$libshutdown$$00000000) refers (Special) to libshutdown2.o(.ARM.Collect$$libshutdown$$0000000B) for __rt_lib_shutdown_user_alloc_1
    sys_command.o(.text) refers (Special) to use_no_semi.o(.text) for __I$use$semihosting
    defsig_rtmem_outer.o(.text) refers to defsig_rtmem_inner.o(.text) for __rt_SIGRTMEM_inner
    defsig_rtmem_outer.o(.text) refers to defsig_exit.o(.text) for __sig_exit
    defsig_rtmem_formal.o(.text) refers to rt_raise.o(.text) for __rt_raise
    rt_raise.o(.text) refers to __raise.o(.text) for __raise
    rt_raise.o(.text) refers to sys_exit.o(.text) for _sys_exit
    defsig_exit.o(.text) refers to sys_exit.o(.text) for _sys_exit
    defsig_rtmem_inner.o(.text) refers to defsig_general.o(.text) for __default_signal_display
    __raise.o(.text) refers to defsig.o(CL$$defsig) for __default_signal_handler
    defsig_general.o(.text) refers to sys_wrch.o(.text) for _ttywrch
    sys_wrch.o(.text) refers (Special) to use_no_semi.o(.text) for __I$use$semihosting
    defsig.o(CL$$defsig) refers to defsig_rtmem_inner.o(.text) for __rt_SIGRTMEM_inner
    defsig_abrt_inner.o(.text) refers to defsig_general.o(.text) for __default_signal_display
    defsig_fpe_inner.o(.text) refers to defsig_general.o(.text) for __default_signal_display
    defsig_rtred_inner.o(.text) refers to defsig_general.o(.text) for __default_signal_display
    defsig_stak_inner.o(.text) refers to defsig_general.o(.text) for __default_signal_display
    defsig_pvfn_inner.o(.text) refers to defsig_general.o(.text) for __default_signal_display
    defsig_cppl_inner.o(.text) refers to defsig_general.o(.text) for __default_signal_display
    defsig_segv_inner.o(.text) refers to defsig_general.o(.text) for __default_signal_display
    defsig_other.o(.text) refers to defsig_general.o(.text) for __default_signal_display


==============================================================================

Image Symbol Table

    Local Symbols

    Symbol Name                              Value     Ov Type        Size  Object(Section)

    vectors                                  0x00000000   Section       92  system_boot.o(vectors)
    ../../angel/boardlib.s                   0x00000000   Number         0  boardshut.o ABSOLUTE
    ../../angel/boardlib.s                   0x00000000   Number         0  boardinit3.o ABSOLUTE
    ../../angel/boardlib.s                   0x00000000   Number         0  boardinit2.o ABSOLUTE
    ../../angel/boardlib.s                   0x00000000   Number         0  boardinit1.o ABSOLUTE
    ../../angel/handlers.s                   0x00000000   Number         0  __scatter_zi.o ABSOLUTE
    ../../angel/handlers.s                   0x00000000   Number         0  __scatter_copy.o ABSOLUTE
    ../../angel/kernel.s                     0x00000000   Number         0  rtexit2.o ABSOLUTE
    ../../angel/kernel.s                     0x00000000   Number         0  rtentry4.o ABSOLUTE
    ../../angel/kernel.s                     0x00000000   Number         0  rtentry2.o ABSOLUTE
    ../../angel/kernel.s                     0x00000000   Number         0  rtentry.o ABSOLUTE
    ../../angel/kernel.s                     0x00000000   Number         0  rtexit.o ABSOLUTE
    ../../angel/rt.s                         0x00000000   Number         0  rt_raise.o ABSOLUTE
    ../../angel/scatterp.s                   0x00000000   Number         0  __scatter.o ABSOLUTE
    ../../angel/startup.s                    0x00000000   Number         0  __main.o ABSOLUTE
    ../../angel/sys.s                        0x00000000   Number         0  sys_exit.o ABSOLUTE
    ../../angel/sys.s                        0x00000000   Number         0  sys_stackheap_outer.o ABSOLUTE
    ../../angel/sys.s                        0x00000000   Number         0  use_no_semi.o ABSOLUTE
    ../../angel/sys.s                        0x00000000   Number         0  tempstk.o ABSOLUTE
    ../../angel/sys.s                        0x00000000   Number         0  libspace.o ABSOLUTE
    ../../angel/sysapp.c                     0x00000000   Number         0  sys_wrch.o ABSOLUTE
    ../../angel/sysapp.c                     0x00000000   Number         0  sys_command.o ABSOLUTE
    ../../armsys.c                           0x00000000   Number         0  _get_argv_nomalloc.o ABSOLUTE
    ../../armsys.c                           0x00000000   Number         0  argv_veneer.o ABSOLUTE
    ../../armsys.c                           0x00000000   Number         0  no_argv.o ABSOLUTE
    ../../cfplib/fpinit.c                    0x00000000   Number         0  fpinit.o ABSOLUTE
    ../../heapalloc.c                        0x00000000   Number         0  hrguard.o ABSOLUTE
    ../../libinit.s                          0x00000000   Number         0  libshutdown2.o ABSOLUTE
    ../../libinit.s                          0x00000000   Number         0  libinit.o ABSOLUTE
    ../../libinit.s                          0x00000000   Number         0  libshutdown.o ABSOLUTE
    ../../libinit.s                          0x00000000   Number         0  libinit2.o ABSOLUTE
    ../../memcpset.c                         0x00000000   Number         0  rt_memclr.o ABSOLUTE
    ../../memcpset.c                         0x00000000   Number         0  rt_memcpy.o ABSOLUTE
    ../../memcpset.c                         0x00000000   Number         0  rt_memcpy.o ABSOLUTE
    ../../memcpset.c                         0x00000000   Number         0  aeabi_memset.o ABSOLUTE
    ../../signal.c                           0x00000000   Number         0  defsig_other.o ABSOLUTE
    ../../signal.c                           0x00000000   Number         0  defsig_cppl_inner.o ABSOLUTE
    ../../signal.c                           0x00000000   Number         0  defsig_general.o ABSOLUTE
    ../../signal.c                           0x00000000   Number         0  __raise.o ABSOLUTE
    ../../signal.c                           0x00000000   Number         0  defsig_rtmem_inner.o ABSOLUTE
    ../../signal.c                           0x00000000   Number         0  defsig_exit.o ABSOLUTE
    ../../signal.c                           0x00000000   Number         0  defsig_rtred_inner.o ABSOLUTE
    ../../signal.c                           0x00000000   Number         0  defsig_fpe_inner.o ABSOLUTE
    ../../signal.c                           0x00000000   Number         0  defsig_rtmem_formal.o ABSOLUTE
    ../../signal.c                           0x00000000   Number         0  defsig_rtmem_outer.o ABSOLUTE
    ../../signal.c                           0x00000000   Number         0  defsig_stak_inner.o ABSOLUTE
    ../../signal.c                           0x00000000   Number         0  defsig_pvfn_inner.o ABSOLUTE
    ../../signal.c                           0x00000000   Number         0  defsig_segv_inner.o ABSOLUTE
    ../../signal.c                           0x00000000   Number         0  defsig_abrt_inner.o ABSOLUTE
    ../../signal.s                           0x00000000   Number         0  defsig.o ABSOLUTE
    ../../stdlib.c                           0x00000000   Number         0  exit.o ABSOLUTE
    dc.s                                     0x00000000   Number         0  dc.o ABSOLUTE
    hyn_public_inc\system_boot.c             0x00000000   Number         0  system_boot.o ABSOLUTE
    hyn_public_src\fwi2c.c                   0x00000000   Number         0  fwi2c.o ABSOLUTE
    hyn_public_src\main.c                    0x00000000   Number         0  main.o ABSOLUTE
    hyn_public_src\tester_fun.c              0x00000000   Number         0  tester_fun.o ABSOLUTE
    !!!main                                  0x0000005c   Section        8  __main.o(!!!main)
    !!!scatter                               0x00000064   Section       60  __scatter.o(!!!scatter)
    !!handler_copy                           0x000000a0   Section       26  __scatter_copy.o(!!handler_copy)
    !!handler_zi                             0x000000bc   Section       28  __scatter_zi.o(!!handler_zi)
    .ARM.Collect$$libinit$$00000000          0x000000d8   Section        6  libinit.o(.ARM.Collect$$libinit$$00000000)
    .ARM.Collect$$libinit$$00000006          0x000000de   Section        0  libinit2.o(.ARM.Collect$$libinit$$00000006)
    .ARM.Collect$$libinit$$00000008          0x000000de   Section        0  libinit2.o(.ARM.Collect$$libinit$$00000008)
    .ARM.Collect$$libinit$$0000000A          0x000000de   Section        0  libinit2.o(.ARM.Collect$$libinit$$0000000A)
    .ARM.Collect$$libinit$$0000000D          0x000000de   Section        0  libinit2.o(.ARM.Collect$$libinit$$0000000D)
    .ARM.Collect$$libinit$$0000000F          0x000000de   Section        0  libinit2.o(.ARM.Collect$$libinit$$0000000F)
    .ARM.Collect$$libinit$$00000011          0x000000de   Section        0  libinit2.o(.ARM.Collect$$libinit$$00000011)
    .ARM.Collect$$libinit$$00000013          0x000000de   Section        0  libinit2.o(.ARM.Collect$$libinit$$00000013)
    .ARM.Collect$$libinit$$00000015          0x000000de   Section        0  libinit2.o(.ARM.Collect$$libinit$$00000015)
    .ARM.Collect$$libinit$$00000017          0x000000de   Section        0  libinit2.o(.ARM.Collect$$libinit$$00000017)
    .ARM.Collect$$libinit$$00000019          0x000000de   Section        0  libinit2.o(.ARM.Collect$$libinit$$00000019)
    .ARM.Collect$$libinit$$0000001B          0x000000de   Section        0  libinit2.o(.ARM.Collect$$libinit$$0000001B)
    .ARM.Collect$$libinit$$0000001D          0x000000de   Section        0  libinit2.o(.ARM.Collect$$libinit$$0000001D)
    .ARM.Collect$$libinit$$0000001F          0x000000de   Section        0  libinit2.o(.ARM.Collect$$libinit$$0000001F)
    .ARM.Collect$$libinit$$00000021          0x000000de   Section        0  libinit2.o(.ARM.Collect$$libinit$$00000021)
    .ARM.Collect$$libinit$$00000028          0x000000de   Section        0  libinit2.o(.ARM.Collect$$libinit$$00000028)
    .ARM.Collect$$libinit$$0000002A          0x000000de   Section        0  libinit2.o(.ARM.Collect$$libinit$$0000002A)
    .ARM.Collect$$libinit$$0000002C          0x000000de   Section        0  libinit2.o(.ARM.Collect$$libinit$$0000002C)
    .ARM.Collect$$libinit$$0000002E          0x000000de   Section        0  libinit2.o(.ARM.Collect$$libinit$$0000002E)
    .ARM.Collect$$libinit$$0000002F          0x000000de   Section        2  libinit2.o(.ARM.Collect$$libinit$$0000002F)
    .ARM.Collect$$libshutdown$$00000000      0x000000e0   Section        2  libshutdown.o(.ARM.Collect$$libshutdown$$00000000)
    .ARM.Collect$$libshutdown$$00000003      0x000000e2   Section        0  libshutdown2.o(.ARM.Collect$$libshutdown$$00000003)
    .ARM.Collect$$libshutdown$$00000006      0x000000e2   Section        0  libshutdown2.o(.ARM.Collect$$libshutdown$$00000006)
    .ARM.Collect$$libshutdown$$00000009      0x000000e2   Section        0  libshutdown2.o(.ARM.Collect$$libshutdown$$00000009)
    .ARM.Collect$$libshutdown$$0000000B      0x000000e2   Section        0  libshutdown2.o(.ARM.Collect$$libshutdown$$0000000B)
    .ARM.Collect$$libshutdown$$0000000E      0x000000e2   Section        0  libshutdown2.o(.ARM.Collect$$libshutdown$$0000000E)
    .ARM.Collect$$libshutdown$$0000000F      0x000000e2   Section        2  libshutdown2.o(.ARM.Collect$$libshutdown$$0000000F)
    .ARM.Collect$$rtentry$$00000000          0x000000e4   Section        0  rtentry.o(.ARM.Collect$$rtentry$$00000000)
    .ARM.Collect$$rtentry$$00000002          0x000000e4   Section        0  rtentry2.o(.ARM.Collect$$rtentry$$00000002)
    .ARM.Collect$$rtentry$$00000004          0x000000e4   Section        6  rtentry4.o(.ARM.Collect$$rtentry$$00000004)
    .ARM.Collect$$rtentry$$00000009          0x000000ea   Section        0  rtentry2.o(.ARM.Collect$$rtentry$$00000009)
    .ARM.Collect$$rtentry$$0000000A          0x000000ea   Section        4  rtentry2.o(.ARM.Collect$$rtentry$$0000000A)
    .ARM.Collect$$rtentry$$0000000C          0x000000ee   Section        0  rtentry2.o(.ARM.Collect$$rtentry$$0000000C)
    .ARM.Collect$$rtentry$$0000000D          0x000000ee   Section        8  rtentry2.o(.ARM.Collect$$rtentry$$0000000D)
    .ARM.Collect$$rtexit$$00000000           0x000000f6   Section        0  rtexit.o(.ARM.Collect$$rtexit$$00000000)
    .ARM.Collect$$rtexit$$00000002           0x000000f6   Section        0  rtexit2.o(.ARM.Collect$$rtexit$$00000002)
    .ARM.Collect$$rtexit$$00000003           0x000000f6   Section        4  rtexit2.o(.ARM.Collect$$rtexit$$00000003)
    .ARM.Collect$$rtexit$$00000004           0x000000fa   Section        4  rtexit2.o(.ARM.Collect$$rtexit$$00000004)
    .emb_text                                0x00000100   Section       56  rt_memcpy.o(.emb_text)
    .text                                    0x00000138   Section       92  system_boot.o(.text)
    .text                                    0x00000194   Section      268  main.o(.text)
    .text                                    0x000002a0   Section     4156  tester_fun.o(.text)
    .text                                    0x000012dc   Section     1114  fwi2c.o(.text)
    .text                                    0x00001736   Section       18  aeabi_memset.o(.text)
    .text                                    0x00001748   Section      130  rt_memcpy.o(.text)
    .text                                    0x000017ca   Section       64  rt_memclr.o(.text)
    .text                                    0x0000180a   Section       62  sys_stackheap_outer.o(.text)
    .text                                    0x00001848   Section       12  exit.o(.text)
    .text                                    0x00001854   Section        8  libspace.o(.text)
    .text                                    0x0000185c   Section       20  sys_exit.o(.text)
    .text                                    0x00001870   Section        2  use_no_semi.o(.text)
    .constdata                               0x00001872   Section     1302  tester_fun.o(.constdata)
    .data                                    0x20000000   Section        8  tester_fun.o(.data)
    scall                                    0x20000000   Data           7  tester_fun.o(.data)
    .bss                                     0x20000008   Section      385  tester_fun.o(.bss)
    g_trim_data                              0x20000008   Data         129  tester_fun.o(.bss)
    .bss                                     0x2000018c   Section       96  libspace.o(.bss)

    Global Symbols

    Symbol Name                              Value     Ov Type        Size  Object(Section)

    BuildAttributes$$THM_ISAv3M$S$PE$A:L22$X:L11$S22$IEEE1$IW$USESV6$~STKCKD$USESV7$~SHL$OSPACE$ROPI$EBA8$UX$STANDARDLIB$REQ8$PRES8$EABIv2 0x00000000   Number         0  anon$$obj.o ABSOLUTE
    __ARM_use_no_argv                        0x00000000   Number         0  main.o ABSOLUTE
    __Vectors                                0x00000000   Data          92  system_boot.o(vectors)
    __ARM_exceptions_init                     - Undefined Weak Reference
    __alloca_initialize                       - Undefined Weak Reference
    __cpp_initialize__aeabi_                  - Undefined Weak Reference
    __cxa_finalize                            - Undefined Weak Reference
    __rt_locale                               - Undefined Weak Reference
    __sigvec_lookup                           - Undefined Weak Reference
    _atexit_init                              - Undefined Weak Reference
    _call_atexit_fns                          - Undefined Weak Reference
    _clock_init                               - Undefined Weak Reference
    _fp_trap_init                             - Undefined Weak Reference
    _fp_trap_shutdown                         - Undefined Weak Reference
    _get_lc_collate                           - Undefined Weak Reference
    _get_lc_ctype                             - Undefined Weak Reference
    _get_lc_monetary                          - Undefined Weak Reference
    _get_lc_numeric                           - Undefined Weak Reference
    _get_lc_time                              - Undefined Weak Reference
    _getenv_init                              - Undefined Weak Reference
    _handle_redirection                       - Undefined Weak Reference
    _init_alloc                               - Undefined Weak Reference
    _init_user_alloc                          - Undefined Weak Reference
    _initio                                   - Undefined Weak Reference
    _rand_init                                - Undefined Weak Reference
    _signal_finish                            - Undefined Weak Reference
    _signal_init                              - Undefined Weak Reference
    _terminate_alloc                          - Undefined Weak Reference
    _terminate_user_alloc                     - Undefined Weak Reference
    _terminateio                              - Undefined Weak Reference
    __main                                   0x0000005d   Thumb Code     8  __main.o(!!!main)
    __scatterload                            0x00000065   Thumb Code     0  __scatter.o(!!!scatter)
    __scatterload_rt2                        0x00000065   Thumb Code    52  __scatter.o(!!!scatter)
    __scatterload_rt2_thumb_only             0x00000065   Thumb Code     0  __scatter.o(!!!scatter)
    __scatterload_null                       0x00000075   Thumb Code     0  __scatter.o(!!!scatter)
    __scatterload_copy                       0x000000a1   Thumb Code    26  __scatter_copy.o(!!handler_copy)
    __scatterload_zeroinit                   0x000000bd   Thumb Code    28  __scatter_zi.o(!!handler_zi)
    __rt_lib_init                            0x000000d9   Thumb Code     0  libinit.o(.ARM.Collect$$libinit$$00000000)
    __rt_lib_init_alloca_1                   0x000000df   Thumb Code     0  libinit2.o(.ARM.Collect$$libinit$$0000002A)
    __rt_lib_init_argv_1                     0x000000df   Thumb Code     0  libinit2.o(.ARM.Collect$$libinit$$00000028)
    __rt_lib_init_atexit_1                   0x000000df   Thumb Code     0  libinit2.o(.ARM.Collect$$libinit$$00000017)
    __rt_lib_init_clock_1                    0x000000df   Thumb Code     0  libinit2.o(.ARM.Collect$$libinit$$0000001D)
    __rt_lib_init_cpp_1                      0x000000df   Thumb Code     0  libinit2.o(.ARM.Collect$$libinit$$0000002E)
    __rt_lib_init_exceptions_1               0x000000df   Thumb Code     0  libinit2.o(.ARM.Collect$$libinit$$0000002C)
    __rt_lib_init_fp_trap_1                  0x000000df   Thumb Code     0  libinit2.o(.ARM.Collect$$libinit$$0000001B)
    __rt_lib_init_getenv_1                   0x000000df   Thumb Code     0  libinit2.o(.ARM.Collect$$libinit$$0000001F)
    __rt_lib_init_heap_1                     0x000000df   Thumb Code     0  libinit2.o(.ARM.Collect$$libinit$$00000006)
    __rt_lib_init_lc_collate_1               0x000000df   Thumb Code     0  libinit2.o(.ARM.Collect$$libinit$$0000000D)
    __rt_lib_init_lc_ctype_1                 0x000000df   Thumb Code     0  libinit2.o(.ARM.Collect$$libinit$$0000000F)
    __rt_lib_init_lc_monetary_1              0x000000df   Thumb Code     0  libinit2.o(.ARM.Collect$$libinit$$00000011)
    __rt_lib_init_lc_numeric_1               0x000000df   Thumb Code     0  libinit2.o(.ARM.Collect$$libinit$$00000013)
    __rt_lib_init_lc_time_1                  0x000000df   Thumb Code     0  libinit2.o(.ARM.Collect$$libinit$$00000015)
    __rt_lib_init_rand_1                     0x000000df   Thumb Code     0  libinit2.o(.ARM.Collect$$libinit$$0000000A)
    __rt_lib_init_return                     0x000000df   Thumb Code     0  libinit2.o(.ARM.Collect$$libinit$$0000002F)
    __rt_lib_init_signal_1                   0x000000df   Thumb Code     0  libinit2.o(.ARM.Collect$$libinit$$00000019)
    __rt_lib_init_stdio_1                    0x000000df   Thumb Code     0  libinit2.o(.ARM.Collect$$libinit$$00000021)
    __rt_lib_init_user_alloc_1               0x000000df   Thumb Code     0  libinit2.o(.ARM.Collect$$libinit$$00000008)
    __rt_lib_shutdown                        0x000000e1   Thumb Code     0  libshutdown.o(.ARM.Collect$$libshutdown$$00000000)
    __rt_lib_shutdown_fp_trap_1              0x000000e3   Thumb Code     0  libshutdown2.o(.ARM.Collect$$libshutdown$$00000006)
    __rt_lib_shutdown_heap_1                 0x000000e3   Thumb Code     0  libshutdown2.o(.ARM.Collect$$libshutdown$$0000000E)
    __rt_lib_shutdown_return                 0x000000e3   Thumb Code     0  libshutdown2.o(.ARM.Collect$$libshutdown$$0000000F)
    __rt_lib_shutdown_signal_1               0x000000e3   Thumb Code     0  libshutdown2.o(.ARM.Collect$$libshutdown$$00000009)
    __rt_lib_shutdown_stdio_1                0x000000e3   Thumb Code     0  libshutdown2.o(.ARM.Collect$$libshutdown$$00000003)
    __rt_lib_shutdown_user_alloc_1           0x000000e3   Thumb Code     0  libshutdown2.o(.ARM.Collect$$libshutdown$$0000000B)
    __rt_entry                               0x000000e5   Thumb Code     0  rtentry.o(.ARM.Collect$$rtentry$$00000000)
    __rt_entry_presh_1                       0x000000e5   Thumb Code     0  rtentry2.o(.ARM.Collect$$rtentry$$00000002)
    __rt_entry_sh                            0x000000e5   Thumb Code     0  rtentry4.o(.ARM.Collect$$rtentry$$00000004)
    __rt_entry_li                            0x000000eb   Thumb Code     0  rtentry2.o(.ARM.Collect$$rtentry$$0000000A)
    __rt_entry_postsh_1                      0x000000eb   Thumb Code     0  rtentry2.o(.ARM.Collect$$rtentry$$00000009)
    __rt_entry_main                          0x000000ef   Thumb Code     0  rtentry2.o(.ARM.Collect$$rtentry$$0000000D)
    __rt_entry_postli_1                      0x000000ef   Thumb Code     0  rtentry2.o(.ARM.Collect$$rtentry$$0000000C)
    __rt_exit                                0x000000f7   Thumb Code     0  rtexit.o(.ARM.Collect$$rtexit$$00000000)
    __rt_exit_ls                             0x000000f7   Thumb Code     0  rtexit2.o(.ARM.Collect$$rtexit$$00000003)
    __rt_exit_prels_1                        0x000000f7   Thumb Code     0  rtexit2.o(.ARM.Collect$$rtexit$$00000002)
    __rt_exit_exit                           0x000000fb   Thumb Code     0  rtexit2.o(.ARM.Collect$$rtexit$$00000004)
    __aeabi_memcpy4                          0x00000101   Thumb Code    56  rt_memcpy.o(.emb_text)
    __aeabi_memcpy8                          0x00000101   Thumb Code     0  rt_memcpy.o(.emb_text)
    hardfault_handler                        0x00000139   Thumb Code    18  system_boot.o(.text)
    sleep_timer_irq_handler                  0x0000014b   Thumb Code    20  system_boot.o(.text)
    Reset_Handler                            0x0000015f   Thumb Code     8  system_boot.o(.text)
    __user_initial_stackheap                 0x00000167   Thumb Code    30  system_boot.o(.text)
    main                                     0x00000195   Thumb Code   252  main.o(.text)
    setIDAC                                  0x000002a1   Thumb Code    30  tester_fun.o(.text)
    initCSD                                  0x000002bf   Thumb Code    78  tester_fun.o(.text)
    setAport                                 0x0000030d   Thumb Code   142  tester_fun.o(.text)
    reset_dut                                0x0000039b   Thumb Code    32  tester_fun.o(.text)
    disable_slpTimer                         0x000003bb   Thumb Code    14  tester_fun.o(.text)
    enable_slpTimer                          0x000003c9   Thumb Code    26  tester_fun.o(.text)
    delay1ms                                 0x000003e3   Thumb Code    32  tester_fun.o(.text)
    delay250us                               0x00000403   Thumb Code    32  tester_fun.o(.text)
    delay10us                                0x00000423   Thumb Code    26  tester_fun.o(.text)
    getAPortVal                              0x0000043d   Thumb Code    76  tester_fun.o(.text)
    pullDownI2C                              0x00000489   Thumb Code    74  tester_fun.o(.text)
    outputTestInfo                           0x000004d3   Thumb Code   260  tester_fun.o(.text)
    chip_scall                               0x000005d7   Thumb Code   230  tester_fun.o(.text)
    time_parameters_set                      0x000006bd   Thumb Code    86  tester_fun.o(.text)
    NVM_ID_XDM_read                          0x00000713   Thumb Code    78  tester_fun.o(.text)
    chip_trim_read                           0x00000761   Thumb Code    94  tester_fun.o(.text)
    chip_retrim_writeback                    0x000007bf   Thumb Code   196  tester_fun.o(.text)
    chip_acquire_ptm                         0x00000883   Thumb Code   240  tester_fun.o(.text)
    chip_pins_test                           0x00000973   Thumb Code   480  tester_fun.o(.text)
    chip_vref_test                           0x00000b53   Thumb Code   166  tester_fun.o(.text)
    chip_idac_test                           0x00000bf9   Thumb Code   208  tester_fun.o(.text)
    delay_640us                              0x00000cc9   Thumb Code    16  tester_fun.o(.text)
    chip_freq_test                           0x00000cd9   Thumb Code   254  tester_fun.o(.text)
    chip_retrim_freq                         0x00000dd7   Thumb Code   128  tester_fun.o(.text)
    chip_mtp_write_test                      0x00000e57   Thumb Code   356  tester_fun.o(.text)
    LHIASICPE                                0x00000fbb   Thumb Code   508  tester_fun.o(.text)
    chip_trim_default                        0x000011b7   Thumb Code    38  tester_fun.o(.text)
    chip_trim_init                           0x000011dd   Thumb Code    16  tester_fun.o(.text)
    trim_delay_640us                         0x000011ed   Thumb Code    50  tester_fun.o(.text)
    chip_freq_output_test                    0x0000121f   Thumb Code   104  tester_fun.o(.text)
    fwi2c_init                               0x000012dd   Thumb Code    50  fwi2c.o(.text)
    fwi2c_dly                                0x0000130f   Thumb Code    14  fwi2c.o(.text)
    fwi2c_w0                                 0x0000131d   Thumb Code    50  fwi2c.o(.text)
    fwi2c_w1                                 0x0000134f   Thumb Code    50  fwi2c.o(.text)
    fwi2c_start                              0x00001381   Thumb Code    68  fwi2c.o(.text)
    fwi2c_stop                               0x000013c5   Thumb Code    52  fwi2c.o(.text)
    fwi2c_sendBytes                          0x000013f9   Thumb Code   210  fwi2c.o(.text)
    fwi2c_getBytes                           0x000014cb   Thumb Code   190  fwi2c.o(.text)
    fwi2c_write_register                     0x00001589   Thumb Code    90  fwi2c.o(.text)
    fwi2c_read_register                      0x000015e3   Thumb Code   104  fwi2c.o(.text)
    fwi2c_write_registers                    0x0000164b   Thumb Code   112  fwi2c.o(.text)
    fwi2c_read_registers                     0x000016bb   Thumb Code   124  fwi2c.o(.text)
    __aeabi_memset                           0x00001737   Thumb Code    18  aeabi_memset.o(.text)
    __aeabi_memcpy                           0x00001749   Thumb Code   130  rt_memcpy.o(.text)
    __rt_memcpy                              0x00001749   Thumb Code     0  rt_memcpy.o(.text)
    _memset_w                                0x000017cb   Thumb Code    26  rt_memclr.o(.text)
    _memset                                  0x000017e5   Thumb Code    30  rt_memclr.o(.text)
    __aeabi_memclr                           0x00001803   Thumb Code     4  rt_memclr.o(.text)
    __rt_memclr                              0x00001803   Thumb Code     0  rt_memclr.o(.text)
    __aeabi_memclr4                          0x00001807   Thumb Code     0  rt_memclr.o(.text)
    __aeabi_memclr8                          0x00001807   Thumb Code     0  rt_memclr.o(.text)
    __rt_memclr_w                            0x00001807   Thumb Code     4  rt_memclr.o(.text)
    __user_setup_stackheap                   0x0000180b   Thumb Code    62  sys_stackheap_outer.o(.text)
    exit                                     0x00001849   Thumb Code    12  exit.o(.text)
    __user_libspace                          0x00001855   Thumb Code     8  libspace.o(.text)
    __user_perproc_libspace                  0x00001855   Thumb Code     0  libspace.o(.text)
    __user_perthread_libspace                0x00001855   Thumb Code     0  libspace.o(.text)
    _sys_exit                                0x0000185d   Thumb Code    12  sys_exit.o(.text)
    __I$use$semihosting                      0x00001871   Thumb Code     0  use_no_semi.o(.text)
    __use_no_semihosting_swi                 0x00001871   Thumb Code     2  use_no_semi.o(.text)
    DUT_NVM                                  0x00001872   Data        1024  tester_fun.o(.constdata)
    set_cmd_idata                            0x00001c72   Data           2  tester_fun.o(.constdata)
    set_cmd_xdata                            0x00001c74   Data           2  tester_fun.o(.constdata)
    set_cmd_call                             0x00001c76   Data           2  tester_fun.o(.constdata)
    dut_pinlist                              0x00001c78   Data         200  tester_fun.o(.constdata)
    MTP1                                     0x00001d40   Data          64  tester_fun.o(.constdata)
    MTPS                                     0x00001d80   Data           8  tester_fun.o(.constdata)
    Region$$Table$$Base                      0x00001d88   Number         0  anon$$obj.o(Region$$Table)
    Region$$Table$$Limit                     0x00001da8   Number         0  anon$$obj.o(Region$$Table)
    b_ChipType                               0x20000007   Data           1  tester_fun.o(.data)
    MTPWD                                    0x20000089   Data         256  tester_fun.o(.bss)
    __libspace_start                         0x2000018c   Data          96  libspace.o(.bss)
    __temporary_stack_top$libspace           0x200001ec   Data           0  libspace.o(.bss)



==============================================================================

Memory Map of the image

  Image Entry point : 0x0000015f

  Load Region LR_1 (Base: 0x00000000, Size: 0x00001db0, Max: 0xffffffff, ABSOLUTE)

    Execution Region ER_RO (Base: 0x00000000, Size: 0x00001da8, Max: 0xffffffff, ABSOLUTE)

    Base Addr    Size         Type   Attr      Idx    E Section Name        Object

    0x00000000   0x0000005c   Data   RO            2    vectors             system_boot.o
    0x0000005c   0x00000008   Code   RO          163  * !!!main             __main.o(c_p.l)
    0x00000064   0x0000003c   Code   RO          322    !!!scatter          __scatter.o(c_p.l)
    0x000000a0   0x0000001a   Code   RO          324    !!handler_copy      __scatter_copy.o(c_p.l)
    0x000000ba   0x00000002   PAD
    0x000000bc   0x0000001c   Code   RO          326    !!handler_zi        __scatter_zi.o(c_p.l)
    0x000000d8   0x00000006   Code   RO          196    .ARM.Collect$$libinit$$00000000  libinit.o(c_p.l)
    0x000000de   0x00000000   Code   RO          205    .ARM.Collect$$libinit$$00000006  libinit2.o(c_p.l)
    0x000000de   0x00000000   Code   RO          207    .ARM.Collect$$libinit$$00000008  libinit2.o(c_p.l)
    0x000000de   0x00000000   Code   RO          209    .ARM.Collect$$libinit$$0000000A  libinit2.o(c_p.l)
    0x000000de   0x00000000   Code   RO          212    .ARM.Collect$$libinit$$0000000D  libinit2.o(c_p.l)
    0x000000de   0x00000000   Code   RO          214    .ARM.Collect$$libinit$$0000000F  libinit2.o(c_p.l)
    0x000000de   0x00000000   Code   RO          216    .ARM.Collect$$libinit$$00000011  libinit2.o(c_p.l)
    0x000000de   0x00000000   Code   RO          218    .ARM.Collect$$libinit$$00000013  libinit2.o(c_p.l)
    0x000000de   0x00000000   Code   RO          220    .ARM.Collect$$libinit$$00000015  libinit2.o(c_p.l)
    0x000000de   0x00000000   Code   RO          222    .ARM.Collect$$libinit$$00000017  libinit2.o(c_p.l)
    0x000000de   0x00000000   Code   RO          224    .ARM.Collect$$libinit$$00000019  libinit2.o(c_p.l)
    0x000000de   0x00000000   Code   RO          226    .ARM.Collect$$libinit$$0000001B  libinit2.o(c_p.l)
    0x000000de   0x00000000   Code   RO          228    .ARM.Collect$$libinit$$0000001D  libinit2.o(c_p.l)
    0x000000de   0x00000000   Code   RO          230    .ARM.Collect$$libinit$$0000001F  libinit2.o(c_p.l)
    0x000000de   0x00000000   Code   RO          232    .ARM.Collect$$libinit$$00000021  libinit2.o(c_p.l)
    0x000000de   0x00000000   Code   RO          236    .ARM.Collect$$libinit$$00000028  libinit2.o(c_p.l)
    0x000000de   0x00000000   Code   RO          238    .ARM.Collect$$libinit$$0000002A  libinit2.o(c_p.l)
    0x000000de   0x00000000   Code   RO          240    .ARM.Collect$$libinit$$0000002C  libinit2.o(c_p.l)
    0x000000de   0x00000000   Code   RO          242    .ARM.Collect$$libinit$$0000002E  libinit2.o(c_p.l)
    0x000000de   0x00000002   Code   RO          243    .ARM.Collect$$libinit$$0000002F  libinit2.o(c_p.l)
    0x000000e0   0x00000002   Code   RO          264    .ARM.Collect$$libshutdown$$00000000  libshutdown.o(c_p.l)
    0x000000e2   0x00000000   Code   RO          277    .ARM.Collect$$libshutdown$$00000003  libshutdown2.o(c_p.l)
    0x000000e2   0x00000000   Code   RO          280    .ARM.Collect$$libshutdown$$00000006  libshutdown2.o(c_p.l)
    0x000000e2   0x00000000   Code   RO          283    .ARM.Collect$$libshutdown$$00000009  libshutdown2.o(c_p.l)
    0x000000e2   0x00000000   Code   RO          285    .ARM.Collect$$libshutdown$$0000000B  libshutdown2.o(c_p.l)
    0x000000e2   0x00000000   Code   RO          288    .ARM.Collect$$libshutdown$$0000000E  libshutdown2.o(c_p.l)
    0x000000e2   0x00000002   Code   RO          289    .ARM.Collect$$libshutdown$$0000000F  libshutdown2.o(c_p.l)
    0x000000e4   0x00000000   Code   RO          165    .ARM.Collect$$rtentry$$00000000  rtentry.o(c_p.l)
    0x000000e4   0x00000000   Code   RO          168    .ARM.Collect$$rtentry$$00000002  rtentry2.o(c_p.l)
    0x000000e4   0x00000006   Code   RO          183    .ARM.Collect$$rtentry$$00000004  rtentry4.o(c_p.l)
    0x000000ea   0x00000000   Code   RO          170    .ARM.Collect$$rtentry$$00000009  rtentry2.o(c_p.l)
    0x000000ea   0x00000004   Code   RO          171    .ARM.Collect$$rtentry$$0000000A  rtentry2.o(c_p.l)
    0x000000ee   0x00000000   Code   RO          173    .ARM.Collect$$rtentry$$0000000C  rtentry2.o(c_p.l)
    0x000000ee   0x00000008   Code   RO          174    .ARM.Collect$$rtentry$$0000000D  rtentry2.o(c_p.l)
    0x000000f6   0x00000000   Code   RO          201    .ARM.Collect$$rtexit$$00000000  rtexit.o(c_p.l)
    0x000000f6   0x00000000   Code   RO          247    .ARM.Collect$$rtexit$$00000002  rtexit2.o(c_p.l)
    0x000000f6   0x00000004   Code   RO          248    .ARM.Collect$$rtexit$$00000003  rtexit2.o(c_p.l)
    0x000000fa   0x00000004   Code   RO          249    .ARM.Collect$$rtexit$$00000004  rtexit2.o(c_p.l)
    0x000000fe   0x00000002   PAD
    0x00000100   0x00000038   Code   RO          157    .emb_text           rt_memcpy.o(c_p.l)
    0x00000138   0x0000005c   Code   RO            1  * .text               system_boot.o
    0x00000194   0x0000010c   Code   RO           75    .text               main.o
    0x000002a0   0x0000103c   Code   RO          118    .text               tester_fun.o
    0x000012dc   0x0000045a   Code   RO          141    .text               fwi2c.o
    0x00001736   0x00000012   Code   RO          155    .text               aeabi_memset.o(c_p.l)
    0x00001748   0x00000082   Code   RO          158    .text               rt_memcpy.o(c_p.l)
    0x000017ca   0x00000040   Code   RO          161    .text               rt_memclr.o(c_p.l)
    0x0000180a   0x0000003e   Code   RO          185    .text               sys_stackheap_outer.o(c_p.l)
    0x00001848   0x0000000c   Code   RO          188    .text               exit.o(c_p.l)
    0x00001854   0x00000008   Code   RO          197    .text               libspace.o(c_p.l)
    0x0000185c   0x00000014   Code   RO          256    .text               sys_exit.o(c_p.l)
    0x00001870   0x00000002   Code   RO          267    .text               use_no_semi.o(c_p.l)
    0x00001872   0x00000516   Data   RO          120    .constdata          tester_fun.o
    0x00001d88   0x00000020   Data   RO          320    Region$$Table       anon$$obj.o


    Execution Region ER_RW (Base: 0x20000000, Size: 0x00000008, Max: 0xffffffff, ABSOLUTE)

    Base Addr    Size         Type   Attr      Idx    E Section Name        Object

    0x20000000   0x00000008   Data   RW          121    .data               tester_fun.o


    Execution Region ER_ZI (Base: 0x20000008, Size: 0x000001e4, Max: 0xffffffff, ABSOLUTE)

    Base Addr    Size         Type   Attr      Idx    E Section Name        Object

    0x20000008   0x00000181   Zero   RW          119    .bss                tester_fun.o
    0x20000189   0x00000003   PAD
    0x2000018c   0x00000060   Zero   RW          198    .bss                libspace.o(c_p.l)


==============================================================================

Image component sizes


      Code (inc. data)   RO Data    RW Data    ZI Data      Debug   Object Name

      1114         14          0          0          0       3843   fwi2c.o
       268         16          0          0          0       5291   main.o
        92         16         92          0          0      10067   system_boot.o
      4156        200       1302          8        385      10589   tester_fun.o

    ----------------------------------------------------------------------
      5630        246       1426          8        388      29790   Object Totals
         0          0         32          0          0          0   (incl. Generated)
         0          0          0          0          3          2   (incl. Padding)

    ----------------------------------------------------------------------

      Code (inc. data)   RO Data    RW Data    ZI Data      Debug   Library Member Name

         8          0          0          0          0         68   __main.o
        60          8          0          0          0          0   __scatter.o
        26          0          0          0          0          0   __scatter_copy.o
        28          0          0          0          0          0   __scatter_zi.o
        18          0          0          0          0         68   aeabi_memset.o
        12          0          0          0          0         60   exit.o
         6          0          0          0          0          0   libinit.o
         2          0          0          0          0          0   libinit2.o
         2          0          0          0          0          0   libshutdown.o
         2          0          0          0          0          0   libshutdown2.o
         8          4          0          0         96         68   libspace.o
        64          0          0          0          0        108   rt_memclr.o
       186          0          0          0          0        140   rt_memcpy.o
         0          0          0          0          0          0   rtentry.o
        12          0          0          0          0          0   rtentry2.o
         6          0          0          0          0          0   rtentry4.o
         0          0          0          0          0          0   rtexit.o
         8          0          0          0          0          0   rtexit2.o
        20         12          0          0          0         68   sys_exit.o
        62          0          0          0          0         80   sys_stackheap_outer.o
         2          0          0          0          0         68   use_no_semi.o

    ----------------------------------------------------------------------
       536         24          0          0         96        728   Library Totals
         4          0          0          0          0          0   (incl. Padding)

    ----------------------------------------------------------------------

      Code (inc. data)   RO Data    RW Data    ZI Data      Debug   Library Name

       532         24          0          0         96        728   c_p.l

    ----------------------------------------------------------------------
       536         24          0          0         96        728   Library Totals

    ----------------------------------------------------------------------

==============================================================================


      Code (inc. data)   RO Data    RW Data    ZI Data      Debug   

      6166        270       1426          8        484      29892   Grand Totals
      6166        270       1426          8        484      29892   ELF Image Totals
      6166        270       1426          8          0          0   ROM Totals

==============================================================================

    Total RO  Size (Code + RO Data)                 7592 (   7.41kB)
    Total RW  Size (RW Data + ZI Data)               492 (   0.48kB)
    Total ROM Size (Code + RO Data + RW Data)       7600 (   7.42kB)

==============================================================================

